[0.007s] Invoking command in '/home/suraqil/amr_sqr_ws/src/amr_sqr_description/build/amr_sqr_description': CMAKE_PREFIX_PATH=${CMAKE_PREFIX_PATH}:/opt/ros/foxy /usr/bin/cmake /home/suraqil/amr_sqr_ws/src/amr_sqr_description -DCMAKE_INSTALL_PREFIX=/home/suraqil/amr_sqr_ws/src/amr_sqr_description/install/amr_sqr_description
[0.103s] -- The C compiler identification is GNU 9.4.0
[0.190s] -- The CXX compiler identification is GNU 9.4.0
[0.195s] -- Check for working C compiler: /usr/bin/cc
[0.267s] -- Check for working C compiler: /usr/bin/cc -- works
[0.268s] -- Detecting C compiler ABI info
[0.336s] -- Detecting C compiler ABI info - done
[0.348s] -- Detecting C compile features
[0.349s] -- Detecting C compile features - done
[0.352s] -- Check for working CXX compiler: /usr/bin/c++
[0.426s] -- Check for working CXX compiler: /usr/bin/c++ -- works
[0.427s] -- Detecting CXX compiler ABI info
[0.491s] -- Detecting CXX compiler ABI info - done
[0.500s] -- Detecting CXX compile features
[0.500s] -- Detecting CXX compile features - done
[0.503s] -- Found ament_cmake: 0.9.12 (/opt/ros/foxy/share/ament_cmake/cmake)
[0.520s] -- Found PythonInterp: /usr/bin/python3 (found suitable version "3.8.10", minimum required is "3") 
[0.520s] -- Using PYTHON_EXECUTABLE: /usr/bin/python3
[0.631s] -- Found ament_lint_auto: 0.9.8 (/opt/ros/foxy/share/ament_lint_auto/cmake)
[0.679s] -- Added test 'copyright' to check source files copyright and LICENSE
[0.682s] -- Added test 'cppcheck' to perform static code analysis on C / C++ code
[0.683s] -- Configured cppcheck include dirs: 
[0.683s] -- Configured cppcheck exclude dirs and/or files: 
[0.686s] -- Added test 'cpplint' to check C / C++ code against the Google style
[0.686s] -- Configured cpplint exclude dirs and/or files: 
[0.687s] -- Added test 'flake8' to check Python code syntax and style conventions
[0.688s] -- Added test 'lint_cmake' to check CMake code style
[0.688s] -- Added test 'pep257' to check Python code against some of the style conventions in PEP 257
[0.692s] -- Added test 'uncrustify' to check C / C++ code style
[0.692s] -- Configured uncrustify additional arguments: 
[0.693s] -- Added test 'xmllint' to check XML markup files
[0.694s] -- Configuring done
[0.695s] -- Generating done
[0.696s] -- Build files have been written to: /home/suraqil/amr_sqr_ws/src/amr_sqr_description/build/amr_sqr_description
[0.698s] Invoked command in '/home/suraqil/amr_sqr_ws/src/amr_sqr_description/build/amr_sqr_description' returned '0': CMAKE_PREFIX_PATH=${CMAKE_PREFIX_PATH}:/opt/ros/foxy /usr/bin/cmake /home/suraqil/amr_sqr_ws/src/amr_sqr_description -DCMAKE_INSTALL_PREFIX=/home/suraqil/amr_sqr_ws/src/amr_sqr_description/install/amr_sqr_description
[0.700s] Invoking command in '/home/suraqil/amr_sqr_ws/src/amr_sqr_description/build/amr_sqr_description': CMAKE_PREFIX_PATH=${CMAKE_PREFIX_PATH}:/opt/ros/foxy /usr/bin/cmake --build /home/suraqil/amr_sqr_ws/src/amr_sqr_description/build/amr_sqr_description -- -j20 -l20
[0.730s] Invoked command in '/home/suraqil/amr_sqr_ws/src/amr_sqr_description/build/amr_sqr_description' returned '0': CMAKE_PREFIX_PATH=${CMAKE_PREFIX_PATH}:/opt/ros/foxy /usr/bin/cmake --build /home/suraqil/amr_sqr_ws/src/amr_sqr_description/build/amr_sqr_description -- -j20 -l20
[0.742s] Invoking command in '/home/suraqil/amr_sqr_ws/src/amr_sqr_description/build/amr_sqr_description': CMAKE_PREFIX_PATH=${CMAKE_PREFIX_PATH}:/opt/ros/foxy /usr/bin/cmake --install /home/suraqil/amr_sqr_ws/src/amr_sqr_description/build/amr_sqr_description
[0.750s] -- Install configuration: ""
[0.750s] -- Installing: /home/suraqil/amr_sqr_ws/src/amr_sqr_description/install/amr_sqr_description/share/amr_sqr_description//launch
[0.750s] -- Installing: /home/suraqil/amr_sqr_ws/src/amr_sqr_description/install/amr_sqr_description/share/amr_sqr_description//launch/rsp.launch.py
[0.750s] -- Installing: /home/suraqil/amr_sqr_ws/src/amr_sqr_description/install/amr_sqr_description/share/amr_sqr_description//description
[0.750s] -- Installing: /home/suraqil/amr_sqr_ws/src/amr_sqr_description/install/amr_sqr_description/share/amr_sqr_description//description/robot_core.xacro
[0.750s] -- Installing: /home/suraqil/amr_sqr_ws/src/amr_sqr_description/install/amr_sqr_description/share/amr_sqr_description//description/ros2_control.xacro
[0.750s] -- Installing: /home/suraqil/amr_sqr_ws/src/amr_sqr_description/install/amr_sqr_description/share/amr_sqr_description//description/robot.urdf.xacro
[0.750s] -- Installing: /home/suraqil/amr_sqr_ws/src/amr_sqr_description/install/amr_sqr_description/share/amr_sqr_description//description/camera.xacro
[0.750s] -- Installing: /home/suraqil/amr_sqr_ws/src/amr_sqr_description/install/amr_sqr_description/share/amr_sqr_description//description/lidar.xacro
[0.750s] -- Installing: /home/suraqil/amr_sqr_ws/src/amr_sqr_description/install/amr_sqr_description/share/amr_sqr_description//description/imu.xacro
[0.750s] -- Installing: /home/suraqil/amr_sqr_ws/src/amr_sqr_description/install/amr_sqr_description/share/amr_sqr_description//description/inertial_macros.xacro
[0.750s] -- Installing: /home/suraqil/amr_sqr_ws/src/amr_sqr_description/install/amr_sqr_description/share/amr_sqr_description//config
[0.750s] -- Installing: /home/suraqil/amr_sqr_ws/src/amr_sqr_description/install/amr_sqr_description/share/ament_index/resource_index/package_run_dependencies/amr_sqr_description
[0.750s] -- Installing: /home/suraqil/amr_sqr_ws/src/amr_sqr_description/install/amr_sqr_description/share/ament_index/resource_index/parent_prefix_path/amr_sqr_description
[0.750s] -- Installing: /home/suraqil/amr_sqr_ws/src/amr_sqr_description/install/amr_sqr_description/share/amr_sqr_description/environment/ament_prefix_path.sh
[0.751s] -- Installing: /home/suraqil/amr_sqr_ws/src/amr_sqr_description/install/amr_sqr_description/share/amr_sqr_description/environment/ament_prefix_path.dsv
[0.751s] -- Installing: /home/suraqil/amr_sqr_ws/src/amr_sqr_description/install/amr_sqr_description/share/amr_sqr_description/environment/path.sh
[0.751s] -- Installing: /home/suraqil/amr_sqr_ws/src/amr_sqr_description/install/amr_sqr_description/share/amr_sqr_description/environment/path.dsv
[0.751s] -- Installing: /home/suraqil/amr_sqr_ws/src/amr_sqr_description/install/amr_sqr_description/share/amr_sqr_description/local_setup.bash
[0.751s] -- Installing: /home/suraqil/amr_sqr_ws/src/amr_sqr_description/install/amr_sqr_description/share/amr_sqr_description/local_setup.sh
[0.751s] -- Installing: /home/suraqil/amr_sqr_ws/src/amr_sqr_description/install/amr_sqr_description/share/amr_sqr_description/local_setup.zsh
[0.751s] -- Installing: /home/suraqil/amr_sqr_ws/src/amr_sqr_description/install/amr_sqr_description/share/amr_sqr_description/local_setup.dsv
[0.751s] -- Installing: /home/suraqil/amr_sqr_ws/src/amr_sqr_description/install/amr_sqr_description/share/amr_sqr_description/package.dsv
[0.751s] -- Installing: /home/suraqil/amr_sqr_ws/src/amr_sqr_description/install/amr_sqr_description/share/ament_index/resource_index/packages/amr_sqr_description
[0.751s] -- Installing: /home/suraqil/amr_sqr_ws/src/amr_sqr_description/install/amr_sqr_description/share/amr_sqr_description/cmake/amr_sqr_descriptionConfig.cmake
[0.751s] -- Installing: /home/suraqil/amr_sqr_ws/src/amr_sqr_description/install/amr_sqr_description/share/amr_sqr_description/cmake/amr_sqr_descriptionConfig-version.cmake
[0.751s] -- Installing: /home/suraqil/amr_sqr_ws/src/amr_sqr_description/install/amr_sqr_description/share/amr_sqr_description/package.xml
[0.752s] Invoked command in '/home/suraqil/amr_sqr_ws/src/amr_sqr_description/build/amr_sqr_description' returned '0': CMAKE_PREFIX_PATH=${CMAKE_PREFIX_PATH}:/opt/ros/foxy /usr/bin/cmake --install /home/suraqil/amr_sqr_ws/src/amr_sqr_description/build/amr_sqr_description
