-- Install configuration: ""
-- Up-to-date: /home/suraqil/amr_sqr_ws/src/amr_sqr_description/install/amr_sqr_description/share/amr_sqr_description//launch
-- Up-to-date: /home/suraqil/amr_sqr_ws/src/amr_sqr_description/install/amr_sqr_description/share/amr_sqr_description//launch/rsp.launch.py
-- Up-to-date: /home/suraqil/amr_sqr_ws/src/amr_sqr_description/install/amr_sqr_description/share/amr_sqr_description//description
-- Up-to-date: /home/suraqil/amr_sqr_ws/src/amr_sqr_description/install/amr_sqr_description/share/amr_sqr_description//description/robot_core.xacro
-- Up-to-date: /home/suraqil/amr_sqr_ws/src/amr_sqr_description/install/amr_sqr_description/share/amr_sqr_description//description/ros2_control.xacro
-- Installing: /home/suraqil/amr_sqr_ws/src/amr_sqr_description/install/amr_sqr_description/share/amr_sqr_description//description/robot.urdf.xacro
-- Up-to-date: /home/suraqil/amr_sqr_ws/src/amr_sqr_description/install/amr_sqr_description/share/amr_sqr_description//description/camera.xacro
-- Up-to-date: /home/suraqil/amr_sqr_ws/src/amr_sqr_description/install/amr_sqr_description/share/amr_sqr_description//description/lidar.xacro
-- Up-to-date: /home/suraqil/amr_sqr_ws/src/amr_sqr_description/install/amr_sqr_description/share/amr_sqr_description//description/inertial_macros.xacro
-- Up-to-date: /home/suraqil/amr_sqr_ws/src/amr_sqr_description/install/amr_sqr_description/share/amr_sqr_description//config
-- Up-to-date: /home/suraqil/amr_sqr_ws/src/amr_sqr_description/install/amr_sqr_description/share/ament_index/resource_index/package_run_dependencies/amr_sqr_description
-- Up-to-date: /home/suraqil/amr_sqr_ws/src/amr_sqr_description/install/amr_sqr_description/share/ament_index/resource_index/parent_prefix_path/amr_sqr_description
-- Up-to-date: /home/suraqil/amr_sqr_ws/src/amr_sqr_description/install/amr_sqr_description/share/amr_sqr_description/environment/ament_prefix_path.sh
-- Up-to-date: /home/suraqil/amr_sqr_ws/src/amr_sqr_description/install/amr_sqr_description/share/amr_sqr_description/environment/ament_prefix_path.dsv
-- Up-to-date: /home/suraqil/amr_sqr_ws/src/amr_sqr_description/install/amr_sqr_description/share/amr_sqr_description/environment/path.sh
-- Up-to-date: /home/suraqil/amr_sqr_ws/src/amr_sqr_description/install/amr_sqr_description/share/amr_sqr_description/environment/path.dsv
-- Up-to-date: /home/suraqil/amr_sqr_ws/src/amr_sqr_description/install/amr_sqr_description/share/amr_sqr_description/local_setup.bash
-- Up-to-date: /home/suraqil/amr_sqr_ws/src/amr_sqr_description/install/amr_sqr_description/share/amr_sqr_description/local_setup.sh
-- Up-to-date: /home/suraqil/amr_sqr_ws/src/amr_sqr_description/install/amr_sqr_description/share/amr_sqr_description/local_setup.zsh
-- Up-to-date: /home/suraqil/amr_sqr_ws/src/amr_sqr_description/install/amr_sqr_description/share/amr_sqr_description/local_setup.dsv
-- Up-to-date: /home/suraqil/amr_sqr_ws/src/amr_sqr_description/install/amr_sqr_description/share/amr_sqr_description/package.dsv
-- Up-to-date: /home/suraqil/amr_sqr_ws/src/amr_sqr_description/install/amr_sqr_description/share/ament_index/resource_index/packages/amr_sqr_description
-- Up-to-date: /home/suraqil/amr_sqr_ws/src/amr_sqr_description/install/amr_sqr_description/share/amr_sqr_description/cmake/amr_sqr_descriptionConfig.cmake
-- Up-to-date: /home/suraqil/amr_sqr_ws/src/amr_sqr_description/install/amr_sqr_description/share/amr_sqr_description/cmake/amr_sqr_descriptionConfig-version.cmake
-- Up-to-date: /home/suraqil/amr_sqr_ws/src/amr_sqr_description/install/amr_sqr_description/share/amr_sqr_description/package.xml
