[0.105s] DEBUG:colcon:Command line arguments: ['/usr/bin/colcon', 'build']
[0.105s] DEBUG:colcon:Parsed command line arguments: Namespace(allow_overriding=[], ament_cmake_args=None, base_paths=['.'], build_base='build', catkin_cmake_args=None, catkin_skip_building_tests=False, cmake_args=None, cmake_clean_cache=False, cmake_clean_first=False, cmake_force_configure=False, cmake_target=None, cmake_target_skip_unavailable=False, continue_on_error=False, event_handlers=None, executor='parallel', ignore_user_meta=False, install_base='install', log_base=None, log_level=None, main=<bound method BuildVerb.main of <colcon_core.verb.build.BuildVerb object at 0x7f951af3a190>>, merge_install=False, metas=['./colcon.meta'], packages_above=None, packages_above_and_dependencies=None, packages_above_depth=None, packages_end=None, packages_ignore=None, packages_ignore_regex=None, packages_select=None, packages_select_build_failed=False, packages_select_by_dep=None, packages_select_regex=None, packages_select_test_failures=False, packages_skip=None, packages_skip_build_finished=False, packages_skip_by_dep=None, packages_skip_regex=None, packages_skip_test_passed=False, packages_skip_up_to=None, packages_start=None, packages_up_to=None, packages_up_to_regex=None, parallel_workers=20, paths=None, symlink_install=False, test_result_base=None, verb_extension=<colcon_core.verb.build.BuildVerb object at 0x7f951af3a190>, verb_name='build', verb_parser=<colcon_defaults.argument_parser.defaults.DefaultArgumentsDecorator object at 0x7f951af3a640>)
[0.184s] Level 1:colcon.colcon_core.package_discovery:discover_packages(colcon_meta) check parameters
[0.185s] Level 1:colcon.colcon_core.package_discovery:discover_packages(recursive) check parameters
[0.185s] Level 1:colcon.colcon_core.package_discovery:discover_packages(ignore) check parameters
[0.185s] Level 1:colcon.colcon_core.package_discovery:discover_packages(path) check parameters
[0.185s] Level 1:colcon.colcon_core.package_discovery:discover_packages(colcon_meta) discover
[0.185s] Level 1:colcon.colcon_core.package_discovery:discover_packages(recursive) discover
[0.185s] INFO:colcon.colcon_core.package_discovery:Crawling recursively for packages in '/home/suraqil/amr_sqr_ws/src/amr_sqr_description'
[0.185s] Level 1:colcon.colcon_core.package_identification:_identify(.) by extensions ['ignore', 'ignore_ament_install']
[0.185s] Level 1:colcon.colcon_core.package_identification:_identify(.) by extension 'ignore'
[0.185s] Level 1:colcon.colcon_core.package_identification:_identify(.) by extension 'ignore_ament_install'
[0.185s] Level 1:colcon.colcon_core.package_identification:_identify(.) by extensions ['colcon_pkg']
[0.185s] Level 1:colcon.colcon_core.package_identification:_identify(.) by extension 'colcon_pkg'
[0.185s] Level 1:colcon.colcon_core.package_identification:_identify(.) by extensions ['colcon_meta']
[0.185s] Level 1:colcon.colcon_core.package_identification:_identify(.) by extension 'colcon_meta'
[0.185s] Level 1:colcon.colcon_core.package_identification:_identify(.) by extensions ['ros']
[0.185s] Level 1:colcon.colcon_core.package_identification:_identify(.) by extension 'ros'
[0.194s] DEBUG:colcon.colcon_core.package_identification:Package '.' with type 'ros.ament_cmake' and name 'amr_sqr_description'
[0.194s] Level 1:colcon.colcon_core.package_discovery:discover_packages(recursive) using defaults
[0.194s] Level 1:colcon.colcon_core.package_discovery:discover_packages(ignore) discover
[0.194s] Level 1:colcon.colcon_core.package_discovery:discover_packages(ignore) using defaults
[0.194s] Level 1:colcon.colcon_core.package_discovery:discover_packages(path) discover
[0.194s] Level 1:colcon.colcon_core.package_discovery:discover_packages(path) using defaults
[0.203s] Level 1:colcon.colcon_core.package_discovery:discover_packages(prefix_path) check parameters
[0.203s] Level 1:colcon.colcon_core.package_discovery:discover_packages(prefix_path) discover
[0.204s] DEBUG:colcon.colcon_installed_package_information.package_discovery:Found 1 installed packages in /home/suraqil/amr_sqr_ws/install
[0.205s] DEBUG:colcon.colcon_installed_package_information.package_discovery:Found 326 installed packages in /opt/ros/foxy
[0.206s] Level 1:colcon.colcon_core.package_discovery:discover_packages(prefix_path) using defaults
[0.245s] Level 5:colcon.colcon_core.verb:set package 'amr_sqr_description' build argument 'cmake_args' from command line to 'None'
[0.245s] Level 5:colcon.colcon_core.verb:set package 'amr_sqr_description' build argument 'cmake_target' from command line to 'None'
[0.245s] Level 5:colcon.colcon_core.verb:set package 'amr_sqr_description' build argument 'cmake_target_skip_unavailable' from command line to 'False'
[0.245s] Level 5:colcon.colcon_core.verb:set package 'amr_sqr_description' build argument 'cmake_clean_cache' from command line to 'False'
[0.245s] Level 5:colcon.colcon_core.verb:set package 'amr_sqr_description' build argument 'cmake_clean_first' from command line to 'False'
[0.246s] Level 5:colcon.colcon_core.verb:set package 'amr_sqr_description' build argument 'cmake_force_configure' from command line to 'False'
[0.246s] Level 5:colcon.colcon_core.verb:set package 'amr_sqr_description' build argument 'ament_cmake_args' from command line to 'None'
[0.246s] Level 5:colcon.colcon_core.verb:set package 'amr_sqr_description' build argument 'catkin_cmake_args' from command line to 'None'
[0.246s] Level 5:colcon.colcon_core.verb:set package 'amr_sqr_description' build argument 'catkin_skip_building_tests' from command line to 'False'
[0.246s] DEBUG:colcon.colcon_core.verb:Building package 'amr_sqr_description' with the following arguments: {'ament_cmake_args': None, 'build_base': '/home/suraqil/amr_sqr_ws/src/amr_sqr_description/build/amr_sqr_description', 'catkin_cmake_args': None, 'catkin_skip_building_tests': False, 'cmake_args': None, 'cmake_clean_cache': False, 'cmake_clean_first': False, 'cmake_force_configure': False, 'cmake_target': None, 'cmake_target_skip_unavailable': False, 'install_base': '/home/suraqil/amr_sqr_ws/src/amr_sqr_description/install/amr_sqr_description', 'merge_install': False, 'path': '/home/suraqil/amr_sqr_ws/src/amr_sqr_description', 'symlink_install': False, 'test_result_base': None}
[0.246s] INFO:colcon.colcon_core.executor:Executing jobs using 'parallel' executor
[0.246s] DEBUG:colcon.colcon_parallel_executor.executor.parallel:run_until_complete
[0.246s] INFO:colcon.colcon_ros.task.ament_cmake.build:Building ROS package in '/home/suraqil/amr_sqr_ws/src/amr_sqr_description' with build type 'ament_cmake'
[0.246s] INFO:colcon.colcon_cmake.task.cmake.build:Building CMake package in '/home/suraqil/amr_sqr_ws/src/amr_sqr_description'
[0.248s] INFO:colcon.colcon_core.plugin_system:Skipping extension 'colcon_core.shell.bat': Not used on non-Windows systems
[0.248s] INFO:colcon.colcon_core.shell:Skip shell extension 'powershell' for command environment: Not usable outside of PowerShell
[0.248s] DEBUG:colcon.colcon_core.shell:Skip shell extension 'dsv' for command environment
[0.255s] DEBUG:colcon.colcon_core.event_handler.log_command:Invoking command in '/home/suraqil/amr_sqr_ws/src/amr_sqr_description/build/amr_sqr_description': CMAKE_PREFIX_PATH=${CMAKE_PREFIX_PATH}:/opt/ros/foxy /usr/bin/cmake --build /home/suraqil/amr_sqr_ws/src/amr_sqr_description/build/amr_sqr_description -- -j20 -l20
[0.279s] DEBUG:colcon.colcon_core.event_handler.log_command:Invoked command in '/home/suraqil/amr_sqr_ws/src/amr_sqr_description/build/amr_sqr_description' returned '0': CMAKE_PREFIX_PATH=${CMAKE_PREFIX_PATH}:/opt/ros/foxy /usr/bin/cmake --build /home/suraqil/amr_sqr_ws/src/amr_sqr_description/build/amr_sqr_description -- -j20 -l20
[0.294s] DEBUG:colcon.colcon_core.event_handler.log_command:Invoking command in '/home/suraqil/amr_sqr_ws/src/amr_sqr_description/build/amr_sqr_description': CMAKE_PREFIX_PATH=${CMAKE_PREFIX_PATH}:/opt/ros/foxy /usr/bin/cmake --install /home/suraqil/amr_sqr_ws/src/amr_sqr_description/build/amr_sqr_description
[0.307s] Level 1:colcon.colcon_core.environment:create_environment_scripts_only(amr_sqr_description)
[0.307s] DEBUG:colcon.colcon_core.event_handler.log_command:Invoked command in '/home/suraqil/amr_sqr_ws/src/amr_sqr_description/build/amr_sqr_description' returned '0': CMAKE_PREFIX_PATH=${CMAKE_PREFIX_PATH}:/opt/ros/foxy /usr/bin/cmake --install /home/suraqil/amr_sqr_ws/src/amr_sqr_description/build/amr_sqr_description
[0.310s] Level 1:colcon.colcon_core.environment:checking '/home/suraqil/amr_sqr_ws/src/amr_sqr_description/install/amr_sqr_description' for CMake module files
[0.311s] Level 1:colcon.colcon_core.environment:checking '/home/suraqil/amr_sqr_ws/src/amr_sqr_description/install/amr_sqr_description' for CMake config files
[0.311s] Level 1:colcon.colcon_core.shell:create_environment_hook('amr_sqr_description', 'cmake_prefix_path')
[0.312s] INFO:colcon.colcon_core.shell:Creating environment hook '/home/suraqil/amr_sqr_ws/src/amr_sqr_description/install/amr_sqr_description/share/amr_sqr_description/hook/cmake_prefix_path.ps1'
[0.313s] INFO:colcon.colcon_core.shell:Creating environment descriptor '/home/suraqil/amr_sqr_ws/src/amr_sqr_description/install/amr_sqr_description/share/amr_sqr_description/hook/cmake_prefix_path.dsv'
[0.313s] INFO:colcon.colcon_core.shell:Creating environment hook '/home/suraqil/amr_sqr_ws/src/amr_sqr_description/install/amr_sqr_description/share/amr_sqr_description/hook/cmake_prefix_path.sh'
[0.315s] Level 1:colcon.colcon_core.environment:checking '/home/suraqil/amr_sqr_ws/src/amr_sqr_description/install/amr_sqr_description/bin'
[0.315s] Level 1:colcon.colcon_core.environment:checking '/home/suraqil/amr_sqr_ws/src/amr_sqr_description/install/amr_sqr_description/lib/pkgconfig/amr_sqr_description.pc'
[0.315s] Level 1:colcon.colcon_core.environment:checking '/home/suraqil/amr_sqr_ws/src/amr_sqr_description/install/amr_sqr_description/lib/python3.8/site-packages'
[0.315s] Level 1:colcon.colcon_core.environment:checking '/home/suraqil/amr_sqr_ws/src/amr_sqr_description/install/amr_sqr_description/bin'
[0.316s] INFO:colcon.colcon_core.shell:Creating package script '/home/suraqil/amr_sqr_ws/src/amr_sqr_description/install/amr_sqr_description/share/amr_sqr_description/package.ps1'
[0.317s] INFO:colcon.colcon_core.shell:Creating package descriptor '/home/suraqil/amr_sqr_ws/src/amr_sqr_description/install/amr_sqr_description/share/amr_sqr_description/package.dsv'
[0.318s] INFO:colcon.colcon_core.shell:Creating package script '/home/suraqil/amr_sqr_ws/src/amr_sqr_description/install/amr_sqr_description/share/amr_sqr_description/package.sh'
[0.319s] INFO:colcon.colcon_core.shell:Creating package script '/home/suraqil/amr_sqr_ws/src/amr_sqr_description/install/amr_sqr_description/share/amr_sqr_description/package.bash'
[0.319s] INFO:colcon.colcon_core.shell:Creating package script '/home/suraqil/amr_sqr_ws/src/amr_sqr_description/install/amr_sqr_description/share/amr_sqr_description/package.zsh'
[0.320s] Level 1:colcon.colcon_core.environment:create_file_with_runtime_dependencies(/home/suraqil/amr_sqr_ws/src/amr_sqr_description/install/amr_sqr_description/share/colcon-core/packages/amr_sqr_description)
[0.321s] Level 1:colcon.colcon_core.environment:create_environment_scripts_only(amr_sqr_description)
[0.321s] Level 1:colcon.colcon_core.environment:checking '/home/suraqil/amr_sqr_ws/src/amr_sqr_description/install/amr_sqr_description' for CMake module files
[0.322s] Level 1:colcon.colcon_core.environment:checking '/home/suraqil/amr_sqr_ws/src/amr_sqr_description/install/amr_sqr_description' for CMake config files
[0.322s] Level 1:colcon.colcon_core.shell:create_environment_hook('amr_sqr_description', 'cmake_prefix_path')
[0.322s] INFO:colcon.colcon_core.shell:Creating environment hook '/home/suraqil/amr_sqr_ws/src/amr_sqr_description/install/amr_sqr_description/share/amr_sqr_description/hook/cmake_prefix_path.ps1'
[0.322s] INFO:colcon.colcon_core.shell:Creating environment descriptor '/home/suraqil/amr_sqr_ws/src/amr_sqr_description/install/amr_sqr_description/share/amr_sqr_description/hook/cmake_prefix_path.dsv'
[0.323s] INFO:colcon.colcon_core.shell:Creating environment hook '/home/suraqil/amr_sqr_ws/src/amr_sqr_description/install/amr_sqr_description/share/amr_sqr_description/hook/cmake_prefix_path.sh'
[0.324s] Level 1:colcon.colcon_core.environment:checking '/home/suraqil/amr_sqr_ws/src/amr_sqr_description/install/amr_sqr_description/bin'
[0.324s] Level 1:colcon.colcon_core.environment:checking '/home/suraqil/amr_sqr_ws/src/amr_sqr_description/install/amr_sqr_description/lib/pkgconfig/amr_sqr_description.pc'
[0.324s] Level 1:colcon.colcon_core.environment:checking '/home/suraqil/amr_sqr_ws/src/amr_sqr_description/install/amr_sqr_description/lib/python3.8/site-packages'
[0.324s] Level 1:colcon.colcon_core.environment:checking '/home/suraqil/amr_sqr_ws/src/amr_sqr_description/install/amr_sqr_description/bin'
[0.324s] INFO:colcon.colcon_core.shell:Creating package script '/home/suraqil/amr_sqr_ws/src/amr_sqr_description/install/amr_sqr_description/share/amr_sqr_description/package.ps1'
[0.325s] INFO:colcon.colcon_core.shell:Creating package descriptor '/home/suraqil/amr_sqr_ws/src/amr_sqr_description/install/amr_sqr_description/share/amr_sqr_description/package.dsv'
[0.325s] INFO:colcon.colcon_core.shell:Creating package script '/home/suraqil/amr_sqr_ws/src/amr_sqr_description/install/amr_sqr_description/share/amr_sqr_description/package.sh'
[0.326s] INFO:colcon.colcon_core.shell:Creating package script '/home/suraqil/amr_sqr_ws/src/amr_sqr_description/install/amr_sqr_description/share/amr_sqr_description/package.bash'
[0.326s] INFO:colcon.colcon_core.shell:Creating package script '/home/suraqil/amr_sqr_ws/src/amr_sqr_description/install/amr_sqr_description/share/amr_sqr_description/package.zsh'
[0.326s] Level 1:colcon.colcon_core.environment:create_file_with_runtime_dependencies(/home/suraqil/amr_sqr_ws/src/amr_sqr_description/install/amr_sqr_description/share/colcon-core/packages/amr_sqr_description)
[0.327s] DEBUG:colcon.colcon_parallel_executor.executor.parallel:closing loop
[0.327s] DEBUG:colcon.colcon_parallel_executor.executor.parallel:loop closed
[0.327s] DEBUG:colcon.colcon_parallel_executor.executor.parallel:run_until_complete finished with '0'
[0.327s] DEBUG:colcon.colcon_core.event_reactor:joining thread
[0.332s] INFO:colcon.colcon_core.plugin_system:Skipping extension 'colcon_notification.desktop_notification.terminal_notifier': Not used on non-Darwin systems
[0.332s] INFO:colcon.colcon_core.plugin_system:Skipping extension 'colcon_notification.desktop_notification.win32': Not used on non-Windows systems
[0.332s] INFO:colcon.colcon_notification.desktop_notification:Sending desktop notification using 'notify2'
[0.347s] DEBUG:colcon.colcon_core.event_reactor:joined thread
[0.347s] INFO:colcon.colcon_core.shell:Creating prefix script '/home/suraqil/amr_sqr_ws/src/amr_sqr_description/install/local_setup.ps1'
[0.348s] INFO:colcon.colcon_core.shell:Creating prefix util module '/home/suraqil/amr_sqr_ws/src/amr_sqr_description/install/_local_setup_util_ps1.py'
[0.349s] INFO:colcon.colcon_core.shell:Creating prefix chain script '/home/suraqil/amr_sqr_ws/src/amr_sqr_description/install/setup.ps1'
[0.351s] INFO:colcon.colcon_core.shell:Creating prefix script '/home/suraqil/amr_sqr_ws/src/amr_sqr_description/install/local_setup.sh'
[0.352s] INFO:colcon.colcon_core.shell:Creating prefix util module '/home/suraqil/amr_sqr_ws/src/amr_sqr_description/install/_local_setup_util_sh.py'
[0.352s] INFO:colcon.colcon_core.shell:Creating prefix chain script '/home/suraqil/amr_sqr_ws/src/amr_sqr_description/install/setup.sh'
[0.354s] INFO:colcon.colcon_core.shell:Creating prefix script '/home/suraqil/amr_sqr_ws/src/amr_sqr_description/install/local_setup.bash'
[0.354s] INFO:colcon.colcon_core.shell:Creating prefix chain script '/home/suraqil/amr_sqr_ws/src/amr_sqr_description/install/setup.bash'
[0.356s] INFO:colcon.colcon_core.shell:Creating prefix script '/home/suraqil/amr_sqr_ws/src/amr_sqr_description/install/local_setup.zsh'
[0.356s] INFO:colcon.colcon_core.shell:Creating prefix chain script '/home/suraqil/amr_sqr_ws/src/amr_sqr_description/install/setup.zsh'
